// Vitest Snapshot v1, https://vitest.dev/guide/snapshot.html

exports[`MonFooterComponent > should render the version from stateService 1`] = `
<div
  data-e2e="version-container"
>
  <span
    title="Version test - fake - mercredi 18 octobre 2023, 18:52:16 GMT+00:00 "
  >
    vtest
  </span>
    -  
  <span>
    <a
      href="https://github.com/doppelganger9/tables-multiplications"
    >
      sources
    </a>
  </span>
</div>
`;

exports[`MonFooterComponent should render the version from stateService 1`] = `
<div
  data-e2e="version-container"
>
  <span
    title="Version test - fake - mercredi 18 octobre 2023, 18:52:16 GMT+00:00 "
  >
    vtest
  </span>
    -  
  <span>
    <a
      href="https://github.com/doppelganger9/tables-multiplications"
    >
      sources
    </a>
  </span>
</div>
`;
